Started GET "/" for 127.0.0.1 at 2025-02-05 18:31:29 -0600
  
ActiveRecord::NoDatabaseError (We could not find your database: book_collection_solution_development. Which can be found in the database configuration file located at config/database.yml.

To resolve this issue:

- Did you create the database for this app, or delete it? You may need to create your database.
- Has the database name changed? Check your database.yml config has the correct database name.

To create your database, run:

        bin/rails db:create
):
  
activerecord (7.0.7.2) lib/active_record/connection_adapters/postgresql_adapter.rb:81:in `rescue in new_client'
activerecord (7.0.7.2) lib/active_record/connection_adapters/postgresql_adapter.rb:77:in `new_client'
activerecord (7.0.7.2) lib/active_record/connection_adapters/postgresql_adapter.rb:37:in `postgresql_connection'
activerecord (7.0.7.2) lib/active_record/connection_adapters/abstract/connection_pool.rb:656:in `public_send'
activerecord (7.0.7.2) lib/active_record/connection_adapters/abstract/connection_pool.rb:656:in `new_connection'
activerecord (7.0.7.2) lib/active_record/connection_adapters/abstract/connection_pool.rb:700:in `checkout_new_connection'
activerecord (7.0.7.2) lib/active_record/connection_adapters/abstract/connection_pool.rb:679:in `try_to_checkout_new_connection'
activerecord (7.0.7.2) lib/active_record/connection_adapters/abstract/connection_pool.rb:640:in `acquire_connection'
activerecord (7.0.7.2) lib/active_record/connection_adapters/abstract/connection_pool.rb:341:in `checkout'
activerecord (7.0.7.2) lib/active_record/connection_adapters/abstract/connection_pool.rb:181:in `connection'
activerecord (7.0.7.2) lib/active_record/connection_adapters/abstract/connection_handler.rb:211:in `retrieve_connection'
activerecord (7.0.7.2) lib/active_record/connection_handling.rb:313:in `retrieve_connection'
activerecord (7.0.7.2) lib/active_record/connection_handling.rb:280:in `connection'
activerecord (7.0.7.2) lib/active_record/migration.rb:613:in `connection'
activerecord (7.0.7.2) lib/active_record/migration.rb:608:in `build_watcher'
activerecord (7.0.7.2) lib/active_record/migration.rb:590:in `block in call'
activerecord (7.0.7.2) lib/active_record/migration.rb:589:in `synchronize'
activerecord (7.0.7.2) lib/active_record/migration.rb:589:in `call'
actionpack (7.0.7.2) lib/action_dispatch/middleware/callbacks.rb:27:in `block in call'
activesupport (7.0.7.2) lib/active_support/callbacks.rb:99:in `run_callbacks'
actionpack (7.0.7.2) lib/action_dispatch/middleware/callbacks.rb:26:in `call'
actionpack (7.0.7.2) lib/action_dispatch/middleware/executor.rb:14:in `call'
actionpack (7.0.7.2) lib/action_dispatch/middleware/actionable_exceptions.rb:17:in `call'
actionpack (7.0.7.2) lib/action_dispatch/middleware/debug_exceptions.rb:28:in `call'
web-console (4.2.1) lib/web_console/middleware.rb:132:in `call_app'
web-console (4.2.1) lib/web_console/middleware.rb:28:in `block in call'
web-console (4.2.1) lib/web_console/middleware.rb:17:in `catch'
web-console (4.2.1) lib/web_console/middleware.rb:17:in `call'
actionpack (7.0.7.2) lib/action_dispatch/middleware/show_exceptions.rb:29:in `call'
railties (7.0.7.2) lib/rails/rack/logger.rb:40:in `call_app'
railties (7.0.7.2) lib/rails/rack/logger.rb:25:in `block in call'
activesupport (7.0.7.2) lib/active_support/tagged_logging.rb:99:in `block in tagged'
activesupport (7.0.7.2) lib/active_support/tagged_logging.rb:37:in `tagged'
activesupport (7.0.7.2) lib/active_support/tagged_logging.rb:99:in `tagged'
railties (7.0.7.2) lib/rails/rack/logger.rb:25:in `call'
sprockets-rails (3.4.2) lib/sprockets/rails/quiet_assets.rb:13:in `call'
actionpack (7.0.7.2) lib/action_dispatch/middleware/remote_ip.rb:93:in `call'
actionpack (7.0.7.2) lib/action_dispatch/middleware/request_id.rb:26:in `call'
rack (2.2.8) lib/rack/method_override.rb:24:in `call'
rack (2.2.8) lib/rack/runtime.rb:22:in `call'
activesupport (7.0.7.2) lib/active_support/cache/strategy/local_cache_middleware.rb:29:in `call'
actionpack (7.0.7.2) lib/action_dispatch/middleware/executor.rb:14:in `call'
actionpack (7.0.7.2) lib/action_dispatch/middleware/static.rb:23:in `call'
rack (2.2.8) lib/rack/sendfile.rb:110:in `call'
actionpack (7.0.7.2) lib/action_dispatch/middleware/host_authorization.rb:137:in `call'
webpacker (5.4.4) lib/webpacker/dev_server_proxy.rb:25:in `perform_request'
rack-proxy (0.7.7) lib/rack/proxy.rb:87:in `call'
railties (7.0.7.2) lib/rails/engine.rb:530:in `call'
puma (5.6.7) lib/puma/configuration.rb:252:in `call'
puma (5.6.7) lib/puma/request.rb:77:in `block in handle_request'
puma (5.6.7) lib/puma/thread_pool.rb:340:in `with_force_shutdown'
puma (5.6.7) lib/puma/request.rb:76:in `handle_request'
puma (5.6.7) lib/puma/server.rb:443:in `process_client'
puma (5.6.7) lib/puma/thread_pool.rb:147:in `block in spawn_thread'
  [1m[35m (128.6ms)[0m  [1m[35mCREATE DATABASE "book_collection_solution_development" ENCODING = 'unicode'[0m
  [1m[35m (82.5ms)[0m  [1m[35mCREATE DATABASE "book_collection_solution_test" ENCODING = 'unicode'[0m
  [1m[35m (11.9ms)[0m  [1m[35mCREATE TABLE "schema_migrations" ("version" character varying NOT NULL PRIMARY KEY)[0m
  [1m[35m (4.7ms)[0m  [1m[35mCREATE TABLE "ar_internal_metadata" ("key" character varying NOT NULL PRIMARY KEY, "value" character varying, "created_at" timestamp(6) NOT NULL, "updated_at" timestamp(6) NOT NULL)[0m
  [1m[35m (0.3ms)[0m  [1m[34mSELECT pg_try_advisory_lock(2838993429284066460)[0m
  [1m[36mActiveRecord::SchemaMigration Pluck (0.6ms)[0m  [1m[34mSELECT "schema_migrations"."version" FROM "schema_migrations" ORDER BY "schema_migrations"."version" ASC[0m
Migrating to CreateBooks (20210928051503)
  [1m[36mTRANSACTION (0.2ms)[0m  [1m[35mBEGIN[0m
  [1m[35m (8.9ms)[0m  [1m[35mCREATE TABLE "books" ("id" bigserial primary key, "title" character varying, "author" character varying, "price" decimal, "published_date" date, "created_at" timestamp(6) NOT NULL, "updated_at" timestamp(6) NOT NULL)[0m
  [1m[36mActiveRecord::SchemaMigration Create (0.8ms)[0m  [1m[32mINSERT INTO "schema_migrations" ("version") VALUES ($1) RETURNING "version"[0m  [["version", "20210928051503"]]
  [1m[36mTRANSACTION (0.6ms)[0m  [1m[35mCOMMIT[0m
Migrating to DeviseCreateAdmins (20250205232155)
  [1m[36mTRANSACTION (0.6ms)[0m  [1m[35mBEGIN[0m
  [1m[35m (5.7ms)[0m  [1m[35mCREATE TABLE "admins" ("id" bigserial primary key, "email" character varying NOT NULL, "full_name" character varying, "uid" character varying, "avatar_url" character varying, "created_at" timestamp(6) NOT NULL, "updated_at" timestamp(6) NOT NULL)[0m
  [1m[35m (1.9ms)[0m  [1m[35mCREATE UNIQUE INDEX "index_admins_on_email" ON "admins" ("email")[0m
  [1m[36mActiveRecord::SchemaMigration Create (0.4ms)[0m  [1m[32mINSERT INTO "schema_migrations" ("version") VALUES ($1) RETURNING "version"[0m  [["version", "20250205232155"]]
  [1m[36mTRANSACTION (0.6ms)[0m  [1m[35mCOMMIT[0m
  [1m[36mActiveRecord::InternalMetadata Load (0.7ms)[0m  [1m[34mSELECT "ar_internal_metadata".* FROM "ar_internal_metadata" WHERE "ar_internal_metadata"."key" = $1 LIMIT $2[0m  [["key", "environment"], ["LIMIT", 1]]
  [1m[36mTRANSACTION (0.2ms)[0m  [1m[35mBEGIN[0m
  [1m[36mActiveRecord::InternalMetadata Create (0.7ms)[0m  [1m[32mINSERT INTO "ar_internal_metadata" ("key", "value", "created_at", "updated_at") VALUES ($1, $2, $3, $4) RETURNING "key"[0m  [["key", "environment"], ["value", "development"], ["created_at", "2025-02-06 00:49:28.184651"], ["updated_at", "2025-02-06 00:49:28.184651"]]
  [1m[36mTRANSACTION (0.3ms)[0m  [1m[35mCOMMIT[0m
  [1m[35m (0.2ms)[0m  [1m[34mSELECT pg_advisory_unlock(2838993429284066460)[0m
  [1m[36mActiveRecord::SchemaMigration Pluck (1.0ms)[0m  [1m[34mSELECT "schema_migrations"."version" FROM "schema_migrations" ORDER BY "schema_migrations"."version" ASC[0m
Started GET "/" for 127.0.0.1 at 2025-02-05 18:49:39 -0600
  [1m[36mActiveRecord::SchemaMigration Pluck (0.5ms)[0m  [1m[34mSELECT "schema_migrations"."version" FROM "schema_migrations" ORDER BY "schema_migrations"."version" ASC[0m
Processing by BooksController#index as HTML
Completed 401 Unauthorized in 6ms (ActiveRecord: 0.0ms | Allocations: 3330)


Started GET "/admins/sign_in" for 127.0.0.1 at 2025-02-05 18:49:39 -0600
Processing by Admins::SessionsController#new as HTML
  Rendering layout layouts/application.html.erb
  Rendering admins/sessions/new.html.erb within layouts/application
  Rendered admins/sessions/new.html.erb within layouts/application (Duration: 1.1ms | Allocations: 795)
  Rendered layout layouts/application.html.erb (Duration: 43.4ms | Allocations: 41921)
Completed 500 Internal Server Error in 68ms (ActiveRecord: 16.2ms | Allocations: 50897)


  
ActionView::Template::Error (couldn't find file 'application.js'
Checked in these paths: 
  /Users/Admin/courses/se/bookcollection3/app/assets/config
  /Users/Admin/courses/se/bookcollection3/app/assets/images
  /Users/Admin/courses/se/bookcollection3/app/assets/stylesheets
  /Users/Admin/.rbenv/versions/3.1.2/lib/ruby/gems/3.1.0/gems/stimulus-rails-1.2.2/app/assets/javascripts
  /Users/Admin/.rbenv/versions/3.1.2/lib/ruby/gems/3.1.0/gems/turbo-rails-1.4.0/app/assets/javascripts
  /Users/Admin/.rbenv/versions/3.1.2/lib/ruby/gems/3.1.0/gems/importmap-rails-1.2.1/app/assets/javascripts
  /Users/Admin/.rbenv/versions/3.1.2/lib/ruby/gems/3.1.0/gems/actioncable-7.0.7.2/app/assets/javascripts
  /Users/Admin/.rbenv/versions/3.1.2/lib/ruby/gems/3.1.0/gems/actiontext-7.0.7.2/app/assets/javascripts
  /Users/Admin/.rbenv/versions/3.1.2/lib/ruby/gems/3.1.0/gems/actiontext-7.0.7.2/app/assets/stylesheets
  /Users/Admin/.rbenv/versions/3.1.2/lib/ruby/gems/3.1.0/gems/activestorage-7.0.7.2/app/assets/javascripts
  /Users/Admin/.rbenv/versions/3.1.2/lib/ruby/gems/3.1.0/gems/actionview-7.0.7.2/lib/assets/compiled
  /Users/Admin/.rbenv/versions/3.1.2/lib/ruby/gems/3.1.0/gems/turbolinks-source-5.2.0/lib/assets/javascripts
  /Users/Admin/courses/se/bookcollection3/node_modules
  /Users/Admin/courses/se/bookcollection3/app/javascript
  /Users/Admin/courses/se/bookcollection3/vendor/javascript):
  
app/assets/config/manifest.js:3
Started GET "/admins/sign_in" for 127.0.0.1 at 2025-02-05 18:52:51 -0600
Processing by Admins::SessionsController#new as HTML
  Rendering layout layouts/application.html.erb
  Rendering admins/sessions/new.html.erb within layouts/application
  Rendered admins/sessions/new.html.erb within layouts/application (Duration: 1.4ms | Allocations: 267)
  Rendered layout layouts/application.html.erb (Duration: 38.7ms | Allocations: 25424)
Completed 500 Internal Server Error in 46ms (ActiveRecord: 0.0ms | Allocations: 26147)


  
ActionView::Template::Error (The asset "application.js" is not present in the asset pipeline.
):
     8: 
     9:     <%= stylesheet_link_tag 'application', media: 'all', 'data-turbolinks-track': 'reload' %>
    10: 
    11: <%= javascript_include_tag 'application', 'data-turbolinks-track':
    12: 'reload' %>
    13: <style>
    14: .flash__alert { color: red; }
  
app/views/layouts/application.html.erb:11
Started GET "/admins/sign_in" for 127.0.0.1 at 2025-02-05 18:53:09 -0600
Processing by Admins::SessionsController#new as HTML
  Rendering layout layouts/application.html.erb
  Rendering admins/sessions/new.html.erb within layouts/application
  Rendered admins/sessions/new.html.erb within layouts/application (Duration: 0.7ms | Allocations: 214)
  Rendered layout layouts/application.html.erb (Duration: 9.0ms | Allocations: 5173)
Completed 500 Internal Server Error in 12ms (ActiveRecord: 0.0ms | Allocations: 5779)


  
ActionView::Template::Error (The asset "application.js" is not present in the asset pipeline.
):
     8: 
     9:     <%= stylesheet_link_tag 'application', media: 'all', 'data-turbolinks-track': 'reload' %>
    10: 
    11: <%= javascript_include_tag 'application', 'data-turbolinks-track':
    12: 'reload' %>
    13: <style>
    14: .flash__alert { color: red; }
  
app/views/layouts/application.html.erb:11
Started GET "/admins/sign_in" for 127.0.0.1 at 2025-02-05 18:53:13 -0600
Processing by Admins::SessionsController#new as HTML
  Rendering layout layouts/application.html.erb
  Rendering admins/sessions/new.html.erb within layouts/application
  Rendered admins/sessions/new.html.erb within layouts/application (Duration: 0.5ms | Allocations: 214)
  Rendered layout layouts/application.html.erb (Duration: 6.9ms | Allocations: 5173)
Completed 500 Internal Server Error in 9ms (ActiveRecord: 0.0ms | Allocations: 5779)


  
ActionView::Template::Error (The asset "application.js" is not present in the asset pipeline.
):
     8: 
     9:     <%= stylesheet_link_tag 'application', media: 'all', 'data-turbolinks-track': 'reload' %>
    10: 
    11: <%= javascript_include_tag 'application', 'data-turbolinks-track':
    12: 'reload' %>
    13: <style>
    14: .flash__alert { color: red; }
  
app/views/layouts/application.html.erb:11
Started GET "/admins/sign_in" for 127.0.0.1 at 2025-02-05 18:53:13 -0600
Processing by Admins::SessionsController#new as HTML
  Rendering layout layouts/application.html.erb
  Rendering admins/sessions/new.html.erb within layouts/application
  Rendered admins/sessions/new.html.erb within layouts/application (Duration: 0.3ms | Allocations: 214)
  Rendered layout layouts/application.html.erb (Duration: 8.5ms | Allocations: 5168)
Completed 500 Internal Server Error in 10ms (ActiveRecord: 0.0ms | Allocations: 5764)


  
ActionView::Template::Error (The asset "application.js" is not present in the asset pipeline.
):
     8: 
     9:     <%= stylesheet_link_tag 'application', media: 'all', 'data-turbolinks-track': 'reload' %>
    10: 
    11: <%= javascript_include_tag 'application', 'data-turbolinks-track':
    12: 'reload' %>
    13: <style>
    14: .flash__alert { color: red; }
  
app/views/layouts/application.html.erb:11
Started GET "/admins/sign_in" for 127.0.0.1 at 2025-02-05 18:53:14 -0600
Processing by Admins::SessionsController#new as HTML
  Rendering layout layouts/application.html.erb
  Rendering admins/sessions/new.html.erb within layouts/application
  Rendered admins/sessions/new.html.erb within layouts/application (Duration: 0.8ms | Allocations: 214)
  Rendered layout layouts/application.html.erb (Duration: 7.1ms | Allocations: 5173)
Completed 500 Internal Server Error in 9ms (ActiveRecord: 0.0ms | Allocations: 5779)


  
ActionView::Template::Error (The asset "application.js" is not present in the asset pipeline.
):
     8: 
     9:     <%= stylesheet_link_tag 'application', media: 'all', 'data-turbolinks-track': 'reload' %>
    10: 
    11: <%= javascript_include_tag 'application', 'data-turbolinks-track':
    12: 'reload' %>
    13: <style>
    14: .flash__alert { color: red; }
  
app/views/layouts/application.html.erb:11
Started GET "/admins/sign_in" for 127.0.0.1 at 2025-02-05 18:53:15 -0600
Processing by Admins::SessionsController#new as HTML
  Rendering layout layouts/application.html.erb
  Rendering admins/sessions/new.html.erb within layouts/application
  Rendered admins/sessions/new.html.erb within layouts/application (Duration: 0.6ms | Allocations: 214)
  Rendered layout layouts/application.html.erb (Duration: 6.3ms | Allocations: 5170)
Completed 500 Internal Server Error in 8ms (ActiveRecord: 0.0ms | Allocations: 5766)


  
ActionView::Template::Error (The asset "application.js" is not present in the asset pipeline.
):
     8: 
     9:     <%= stylesheet_link_tag 'application', media: 'all', 'data-turbolinks-track': 'reload' %>
    10: 
    11: <%= javascript_include_tag 'application', 'data-turbolinks-track':
    12: 'reload' %>
    13: <style>
    14: .flash__alert { color: red; }
  
app/views/layouts/application.html.erb:11
Started GET "/admins/sign_in" for 127.0.0.1 at 2025-02-05 18:53:16 -0600
Processing by Admins::SessionsController#new as HTML
  Rendering layout layouts/application.html.erb
  Rendering admins/sessions/new.html.erb within layouts/application
  Rendered admins/sessions/new.html.erb within layouts/application (Duration: 0.5ms | Allocations: 214)
  Rendered layout layouts/application.html.erb (Duration: 6.3ms | Allocations: 5170)
Completed 500 Internal Server Error in 8ms (ActiveRecord: 0.0ms | Allocations: 5766)


  
ActionView::Template::Error (The asset "application.js" is not present in the asset pipeline.
):
     8: 
     9:     <%= stylesheet_link_tag 'application', media: 'all', 'data-turbolinks-track': 'reload' %>
    10: 
    11: <%= javascript_include_tag 'application', 'data-turbolinks-track':
    12: 'reload' %>
    13: <style>
    14: .flash__alert { color: red; }
  
app/views/layouts/application.html.erb:11
Started GET "/admins/sign_in" for 127.0.0.1 at 2025-02-05 18:53:21 -0600
Processing by Admins::SessionsController#new as HTML
  Rendering layout layouts/application.html.erb
  Rendering admins/sessions/new.html.erb within layouts/application
  Rendered admins/sessions/new.html.erb within layouts/application (Duration: 0.8ms | Allocations: 214)
  Rendered layout layouts/application.html.erb (Duration: 7.2ms | Allocations: 5170)
Completed 500 Internal Server Error in 10ms (ActiveRecord: 0.0ms | Allocations: 5766)


  
ActionView::Template::Error (The asset "application.js" is not present in the asset pipeline.
):
     8: 
     9:     <%= stylesheet_link_tag 'application', media: 'all', 'data-turbolinks-track': 'reload' %>
    10: 
    11: <%= javascript_include_tag 'application', 'data-turbolinks-track':
    12: 'reload' %>
    13: <style>
    14: .flash__alert { color: red; }
  
app/views/layouts/application.html.erb:11
Started GET "/admins/sign_in" for 127.0.0.1 at 2025-02-05 18:53:22 -0600
Processing by Admins::SessionsController#new as HTML
  Rendering layout layouts/application.html.erb
  Rendering admins/sessions/new.html.erb within layouts/application
  Rendered admins/sessions/new.html.erb within layouts/application (Duration: 0.4ms | Allocations: 214)
  Rendered layout layouts/application.html.erb (Duration: 5.3ms | Allocations: 5170)
Completed 500 Internal Server Error in 7ms (ActiveRecord: 0.0ms | Allocations: 5766)


  
ActionView::Template::Error (The asset "application.js" is not present in the asset pipeline.
):
     8: 
     9:     <%= stylesheet_link_tag 'application', media: 'all', 'data-turbolinks-track': 'reload' %>
    10: 
    11: <%= javascript_include_tag 'application', 'data-turbolinks-track':
    12: 'reload' %>
    13: <style>
    14: .flash__alert { color: red; }
  
app/views/layouts/application.html.erb:11
Started GET "/admins/sign_in" for 127.0.0.1 at 2025-02-05 18:53:22 -0600
Processing by Admins::SessionsController#new as HTML
  Rendering layout layouts/application.html.erb
  Rendering admins/sessions/new.html.erb within layouts/application
  Rendered admins/sessions/new.html.erb within layouts/application (Duration: 0.6ms | Allocations: 214)
  Rendered layout layouts/application.html.erb (Duration: 10.1ms | Allocations: 5170)
Completed 500 Internal Server Error in 11ms (ActiveRecord: 0.0ms | Allocations: 5766)


  
ActionView::Template::Error (The asset "application.js" is not present in the asset pipeline.
):
     8: 
     9:     <%= stylesheet_link_tag 'application', media: 'all', 'data-turbolinks-track': 'reload' %>
    10: 
    11: <%= javascript_include_tag 'application', 'data-turbolinks-track':
    12: 'reload' %>
    13: <style>
    14: .flash__alert { color: red; }
  
app/views/layouts/application.html.erb:11
Started GET "/admins/sign_in" for 127.0.0.1 at 2025-02-05 18:56:14 -0600
  [1m[36mActiveRecord::SchemaMigration Pluck (1.0ms)[0m  [1m[34mSELECT "schema_migrations"."version" FROM "schema_migrations" ORDER BY "schema_migrations"."version" ASC[0m
Processing by Admins::SessionsController#new as HTML
  Rendering layout layouts/application.html.erb
  Rendering admins/sessions/new.html.erb within layouts/application
  Rendered admins/sessions/new.html.erb within layouts/application (Duration: 1.7ms | Allocations: 835)
  Rendered layout layouts/application.html.erb (Duration: 31.5ms | Allocations: 41303)
Completed 200 OK in 53ms (Views: 37.5ms | ActiveRecord: 8.4ms | Allocations: 52369)


Started POST "/admins/auth/google_oauth2" for 127.0.0.1 at 2025-02-05 18:56:16 -0600
Started GET "/" for 127.0.0.1 at 2025-02-05 19:05:02 -0600
  [1m[36mActiveRecord::SchemaMigration Pluck (0.8ms)[0m  [1m[34mSELECT "schema_migrations"."version" FROM "schema_migrations" ORDER BY "schema_migrations"."version" ASC[0m
Processing by BooksController#index as HTML
Completed 401 Unauthorized in 4ms (ActiveRecord: 0.0ms | Allocations: 2692)


Started GET "/admins/sign_in" for 127.0.0.1 at 2025-02-05 19:05:02 -0600
Processing by Admins::SessionsController#new as HTML
  Rendering layout layouts/application.html.erb
  Rendering admins/sessions/new.html.erb within layouts/application
  Rendered admins/sessions/new.html.erb within layouts/application (Duration: 0.8ms | Allocations: 784)
  Rendered layout layouts/application.html.erb (Duration: 17.7ms | Allocations: 29103)
Completed 200 OK in 44ms (Views: 21.1ms | ActiveRecord: 18.4ms | Allocations: 37844)


Started POST "/admins/auth/google_oauth2" for 127.0.0.1 at 2025-02-05 19:05:04 -0600
Started GET "/" for 127.0.0.1 at 2025-02-05 19:09:28 -0600
Processing by BooksController#index as HTML
Completed 401 Unauthorized in 2ms (ActiveRecord: 0.0ms | Allocations: 1222)


Started GET "/admins/sign_in" for 127.0.0.1 at 2025-02-05 19:09:28 -0600
Processing by Admins::SessionsController#new as HTML
  Rendering layout layouts/application.html.erb
  Rendering admins/sessions/new.html.erb within layouts/application
  Rendered admins/sessions/new.html.erb within layouts/application (Duration: 0.4ms | Allocations: 322)
  Rendered layout layouts/application.html.erb (Duration: 3.6ms | Allocations: 4543)
Completed 200 OK in 14ms (Views: 4.3ms | ActiveRecord: 6.6ms | Allocations: 7911)


Started POST "/admins/auth/google_oauth2" for 127.0.0.1 at 2025-02-05 19:09:29 -0600
Started GET "/" for 127.0.0.1 at 2025-02-05 19:19:27 -0600
  [1m[36mActiveRecord::SchemaMigration Pluck (0.6ms)[0m  [1m[34mSELECT "schema_migrations"."version" FROM "schema_migrations" ORDER BY "schema_migrations"."version" ASC[0m
Processing by BooksController#index as HTML
Completed 401 Unauthorized in 4ms (ActiveRecord: 0.0ms | Allocations: 2662)


Started GET "/admins/sign_in" for 127.0.0.1 at 2025-02-05 19:19:27 -0600
Processing by Admins::SessionsController#new as HTML
  Rendering layout layouts/application.html.erb
  Rendering admins/sessions/new.html.erb within layouts/application
  Rendered admins/sessions/new.html.erb within layouts/application (Duration: 0.9ms | Allocations: 784)
  Rendered layout layouts/application.html.erb (Duration: 23.2ms | Allocations: 29213)
Completed 200 OK in 47ms (Views: 26.6ms | ActiveRecord: 15.5ms | Allocations: 37935)


Started POST "/admins/auth/google_oauth2" for 127.0.0.1 at 2025-02-05 19:19:28 -0600
Started GET "/" for 127.0.0.1 at 2025-02-05 19:19:36 -0600
Processing by BooksController#index as HTML
Completed 401 Unauthorized in 2ms (ActiveRecord: 0.0ms | Allocations: 289)


Started GET "/admins/sign_in" for 127.0.0.1 at 2025-02-05 19:19:36 -0600
Processing by Admins::SessionsController#new as HTML
  Rendering layout layouts/application.html.erb
  Rendering admins/sessions/new.html.erb within layouts/application
  Rendered admins/sessions/new.html.erb within layouts/application (Duration: 1.6ms | Allocations: 246)
  Rendered layout layouts/application.html.erb (Duration: 7.8ms | Allocations: 4385)
Completed 200 OK in 10ms (Views: 8.8ms | ActiveRecord: 0.0ms | Allocations: 5137)


Started POST "/admins/auth/google_oauth2" for 127.0.0.1 at 2025-02-05 19:19:38 -0600
Started GET "/" for 127.0.0.1 at 2025-02-05 19:51:58 -0600
  [1m[36mActiveRecord::SchemaMigration Pluck (0.5ms)[0m  [1m[34mSELECT "schema_migrations"."version" FROM "schema_migrations" ORDER BY "schema_migrations"."version" ASC[0m
Processing by BooksController#index as HTML
Completed 401 Unauthorized in 5ms (ActiveRecord: 0.0ms | Allocations: 2665)


Started GET "/admins/sign_in" for 127.0.0.1 at 2025-02-05 19:51:58 -0600
Processing by Admins::SessionsController#new as HTML
  Rendering layout layouts/application.html.erb
  Rendering admins/sessions/new.html.erb within layouts/application
  Rendered admins/sessions/new.html.erb within layouts/application (Duration: 0.9ms | Allocations: 784)
  Rendered layout layouts/application.html.erb (Duration: 21.8ms | Allocations: 29125)
Completed 200 OK in 46ms (Views: 25.8ms | ActiveRecord: 15.2ms | Allocations: 37866)


Started POST "/admins/auth/google_oauth2" for 127.0.0.1 at 2025-02-05 19:51:59 -0600
Started GET "/" for 127.0.0.1 at 2025-02-05 19:57:01 -0600
  [1m[36mActiveRecord::SchemaMigration Pluck (0.7ms)[0m  [1m[34mSELECT "schema_migrations"."version" FROM "schema_migrations" ORDER BY "schema_migrations"."version" ASC[0m
Processing by BooksController#index as HTML
Completed 401 Unauthorized in 4ms (ActiveRecord: 0.0ms | Allocations: 2656)


Started GET "/admins/sign_in" for 127.0.0.1 at 2025-02-05 19:57:01 -0600
Processing by Admins::SessionsController#new as HTML
  Rendering layout layouts/application.html.erb
  Rendering admins/sessions/new.html.erb within layouts/application
  Rendered admins/sessions/new.html.erb within layouts/application (Duration: 0.7ms | Allocations: 784)
  Rendered layout layouts/application.html.erb (Duration: 18.5ms | Allocations: 29169)
Completed 200 OK in 52ms (Views: 21.7ms | ActiveRecord: 26.0ms | Allocations: 37895)


Started POST "/admins/auth/google_oauth2" for 127.0.0.1 at 2025-02-05 19:57:02 -0600
Started GET "/admins/auth/google_oauth2/callback?state=dd585e942506d762ec5efc9703655f2b55052fa8c9274210&code=4%2F0ASVgi3Kl37lrdB38jJcUfsh0afOj9_xy3vp3C3V9pxmqI9gg8uj6cusuWwSXCjLn3J_xAg&scope=email+profile+openid+https%3A%2F%2Fwww.googleapis.com%2Fauth%2Fuserinfo.profile+https%3A%2F%2Fwww.googleapis.com%2Fauth%2Fuserinfo.email&authuser=0&prompt=consent" for 127.0.0.1 at 2025-02-05 19:57:15 -0600
Processing by Admins::OmniauthCallbacksController#google_oauth2 as HTML
  Parameters: {"state"=>"dd585e942506d762ec5efc9703655f2b55052fa8c9274210", "code"=>"4/0ASVgi3Kl37lrdB38jJcUfsh0afOj9_xy3vp3C3V9pxmqI9gg8uj6cusuWwSXCjLn3J_xAg", "scope"=>"email profile openid https://www.googleapis.com/auth/userinfo.profile https://www.googleapis.com/auth/userinfo.email", "authuser"=>"0", "prompt"=>"consent"}
  [1m[36mAdmin Load (1.8ms)[0m  [1m[34mSELECT "admins".* FROM "admins" WHERE "admins"."email" = $1 LIMIT $2[0m  [["email", "sudhanva0001@gmail.com"], ["LIMIT", 1]]
  ↳ app/models/admin.rb:6:in `from_google'
  [1m[36mTRANSACTION (0.4ms)[0m  [1m[35mBEGIN[0m
  ↳ app/models/admin.rb:6:in `from_google'
  [1m[36mAdmin Create (4.1ms)[0m  [1m[32mINSERT INTO "admins" ("email", "full_name", "uid", "avatar_url", "created_at", "updated_at") VALUES ($1, $2, $3, $4, $5, $6) RETURNING "id"[0m  [["email", "sudhanva0001@gmail.com"], ["full_name", "Sudhanva Rajesh"], ["uid", "103996775309230859118"], ["avatar_url", "https://lh3.googleusercontent.com/a/ACg8ocI667_gzFn5HpKMMpuslIm4FJJkbNjHISf8jT-eXzlbxvW6XbY"], ["created_at", "2025-02-06 01:57:15.733110"], ["updated_at", "2025-02-06 01:57:15.733110"]]
  ↳ app/models/admin.rb:6:in `from_google'
  [1m[36mTRANSACTION (2.1ms)[0m  [1m[35mCOMMIT[0m
  ↳ app/models/admin.rb:6:in `from_google'
Redirected to http://127.0.0.1:3000/
Completed 302 Found in 25ms (ActiveRecord: 8.9ms | Allocations: 6050)


Started GET "/" for 127.0.0.1 at 2025-02-05 19:57:15 -0600
Processing by BooksController#index as HTML
  [1m[36mAdmin Load (0.7ms)[0m  [1m[34mSELECT "admins".* FROM "admins" WHERE "admins"."id" = $1 ORDER BY "admins"."id" ASC LIMIT $2[0m  [["id", 1], ["LIMIT", 1]]
  Rendering layout layouts/application.html.erb
  Rendering books/index.html.erb within layouts/application
  [1m[36mBook Load (4.6ms)[0m  [1m[34mSELECT "books".* FROM "books"[0m
  ↳ app/views/books/index.html.erb:19
  Rendered books/index.html.erb within layouts/application (Duration: 8.4ms | Allocations: 1293)
  Rendered layout layouts/application.html.erb (Duration: 14.3ms | Allocations: 5525)
Completed 200 OK in 28ms (Views: 12.5ms | ActiveRecord: 5.3ms | Allocations: 8407)


Started GET "/books/new" for 127.0.0.1 at 2025-02-05 19:57:18 -0600
Processing by BooksController#new as HTML
  [1m[36mAdmin Load (0.4ms)[0m  [1m[34mSELECT "admins".* FROM "admins" WHERE "admins"."id" = $1 ORDER BY "admins"."id" ASC LIMIT $2[0m  [["id", 1], ["LIMIT", 1]]
  Rendering layout layouts/application.html.erb
  Rendering books/new.html.erb within layouts/application
  Rendered books/_form.html.erb (Duration: 15.5ms | Allocations: 3564)
  Rendered books/new.html.erb within layouts/application (Duration: 17.1ms | Allocations: 3935)
  Rendered layout layouts/application.html.erb (Duration: 21.6ms | Allocations: 8085)
Completed 200 OK in 38ms (Views: 22.4ms | ActiveRecord: 6.6ms | Allocations: 13489)


Started POST "/books" for 127.0.0.1 at 2025-02-05 19:57:23 -0600
Processing by BooksController#create as HTML
  Parameters: {"authenticity_token"=>"[FILTERED]", "book"=>{"title"=>"dsf", "author"=>"ad", "price"=>"", "published_date"=>""}, "commit"=>"Create Book"}
  [1m[36mAdmin Load (0.3ms)[0m  [1m[34mSELECT "admins".* FROM "admins" WHERE "admins"."id" = $1 ORDER BY "admins"."id" ASC LIMIT $2[0m  [["id", 1], ["LIMIT", 1]]
  Rendering layout layouts/application.html.erb
  Rendering books/new.html.erb within layouts/application
  Rendered books/_form.html.erb (Duration: 2.8ms | Allocations: 3098)
  Rendered books/new.html.erb within layouts/application (Duration: 3.2ms | Allocations: 3219)
  Rendered layout layouts/application.html.erb (Duration: 10.3ms | Allocations: 7245)
Completed 422 Unprocessable Entity in 15ms (Views: 10.9ms | ActiveRecord: 0.3ms | Allocations: 9940)


Started POST "/books" for 127.0.0.1 at 2025-02-05 19:57:29 -0600
Processing by BooksController#create as HTML
  Parameters: {"authenticity_token"=>"[FILTERED]", "book"=>{"title"=>"dsf", "author"=>"ad", "price"=>"120", "published_date"=>"2025-02-05"}, "commit"=>"Create Book"}
  [1m[36mAdmin Load (0.4ms)[0m  [1m[34mSELECT "admins".* FROM "admins" WHERE "admins"."id" = $1 ORDER BY "admins"."id" ASC LIMIT $2[0m  [["id", 1], ["LIMIT", 1]]
  [1m[36mTRANSACTION (0.2ms)[0m  [1m[35mBEGIN[0m
  ↳ app/controllers/books_controller.rb:27:in `block in create'
  [1m[36mBook Create (2.7ms)[0m  [1m[32mINSERT INTO "books" ("title", "author", "price", "published_date", "created_at", "updated_at") VALUES ($1, $2, $3, $4, $5, $6) RETURNING "id"[0m  [["title", "dsf"], ["author", "ad"], ["price", "120.0"], ["published_date", "2025-02-05"], ["created_at", "2025-02-06 01:57:29.182669"], ["updated_at", "2025-02-06 01:57:29.182669"]]
  ↳ app/controllers/books_controller.rb:27:in `block in create'
  [1m[36mTRANSACTION (0.6ms)[0m  [1m[35mCOMMIT[0m
  ↳ app/controllers/books_controller.rb:27:in `block in create'
Redirected to http://127.0.0.1:3000/books
Completed 302 Found in 12ms (ActiveRecord: 3.9ms | Allocations: 3578)


Started GET "/books" for 127.0.0.1 at 2025-02-05 19:57:29 -0600
Processing by BooksController#index as HTML
  [1m[36mAdmin Load (0.3ms)[0m  [1m[34mSELECT "admins".* FROM "admins" WHERE "admins"."id" = $1 ORDER BY "admins"."id" ASC LIMIT $2[0m  [["id", 1], ["LIMIT", 1]]
  Rendering layout layouts/application.html.erb
  Rendering books/index.html.erb within layouts/application
  [1m[36mBook Load (0.3ms)[0m  [1m[34mSELECT "books".* FROM "books"[0m
  ↳ app/views/books/index.html.erb:19
  Rendered books/index.html.erb within layouts/application (Duration: 32.0ms | Allocations: 9026)
  Rendered layout layouts/application.html.erb (Duration: 32.3ms | Allocations: 9113)
Completed 500 Internal Server Error in 35ms (ActiveRecord: 0.6ms | Allocations: 10688)


  
ActionView::Template::Error (undefined method `delete_book_path' for #<ActionView::Base:0x0000000000e4c0>

'.freeze;@output_buffer.safe_append='          '.freeze;@output_buffer.append=( link_to("Delete", delete_book_path(book), :class => 'action delete') );@output_buffer.safe_append='
                                                                                                  ^^^^^^^^^^^^^^^^
Did you mean?  edit_book_path):
    25:         <td class="actions">
    26:           <%= link_to("Show", book_path(book), :class => 'action show') %>
    27:           <%= link_to("Edit", edit_book_path(book), :class => 'action edit') %>
    28:           <%= link_to("Delete", delete_book_path(book), :class => 'action delete') %>
    29:         </td>
    30:       </tr>
    31:     <% end %>
  
app/views/books/index.html.erb:28
app/views/books/index.html.erb:19
Started GET "/books" for 127.0.0.1 at 2025-02-05 19:57:51 -0600
Processing by BooksController#index as HTML
  [1m[36mAdmin Load (0.5ms)[0m  [1m[34mSELECT "admins".* FROM "admins" WHERE "admins"."id" = $1 ORDER BY "admins"."id" ASC LIMIT $2[0m  [["id", 1], ["LIMIT", 1]]
  Rendering layout layouts/application.html.erb
  Rendering books/index.html.erb within layouts/application
  [1m[36mBook Load (0.4ms)[0m  [1m[34mSELECT "books".* FROM "books"[0m
  ↳ app/views/books/index.html.erb:19
  Rendered books/index.html.erb within layouts/application (Duration: 20.0ms | Allocations: 5530)
  Rendered layout layouts/application.html.erb (Duration: 20.4ms | Allocations: 5607)
Completed 500 Internal Server Error in 27ms (ActiveRecord: 0.9ms | Allocations: 7384)


  
ActionView::Template::Error (undefined method `delete_book_path' for #<ActionView::Base:0x0000000000e7e0>

'.freeze;@output_buffer.safe_append='          '.freeze;@output_buffer.append=( link_to("Delete", delete_book_path(book), :class => 'action delete') );@output_buffer.safe_append='
                                                                                                  ^^^^^^^^^^^^^^^^
Did you mean?  edit_book_path):
    25:         <td class="actions">
    26:           <%= link_to("Show", book_path(book), :class => 'action show') %>
    27:           <%= link_to("Edit", edit_book_path(book), :class => 'action edit') %>
    28:           <%= link_to("Delete", delete_book_path(book), :class => 'action delete') %>
    29:         </td>
    30:       </tr>
    31:     <% end %>
  
app/views/books/index.html.erb:28
app/views/books/index.html.erb:19
Started GET "/" for 127.0.0.1 at 2025-02-05 19:57:54 -0600
Processing by BooksController#index as HTML
  [1m[36mAdmin Load (0.3ms)[0m  [1m[34mSELECT "admins".* FROM "admins" WHERE "admins"."id" = $1 ORDER BY "admins"."id" ASC LIMIT $2[0m  [["id", 1], ["LIMIT", 1]]
  Rendering layout layouts/application.html.erb
  Rendering books/index.html.erb within layouts/application
  [1m[36mBook Load (0.7ms)[0m  [1m[34mSELECT "books".* FROM "books"[0m
  ↳ app/views/books/index.html.erb:19
  Rendered books/index.html.erb within layouts/application (Duration: 19.0ms | Allocations: 5446)
  Rendered layout layouts/application.html.erb (Duration: 19.4ms | Allocations: 5522)
Completed 500 Internal Server Error in 25ms (ActiveRecord: 1.0ms | Allocations: 7063)


  
ActionView::Template::Error (undefined method `delete_book_path' for #<ActionView::Base:0x0000000000ead8>

'.freeze;@output_buffer.safe_append='          '.freeze;@output_buffer.append=( link_to("Delete", delete_book_path(book), :class => 'action delete') );@output_buffer.safe_append='
                                                                                                  ^^^^^^^^^^^^^^^^
Did you mean?  edit_book_path):
    25:         <td class="actions">
    26:           <%= link_to("Show", book_path(book), :class => 'action show') %>
    27:           <%= link_to("Edit", edit_book_path(book), :class => 'action edit') %>
    28:           <%= link_to("Delete", delete_book_path(book), :class => 'action delete') %>
    29:         </td>
    30:       </tr>
    31:     <% end %>
  
app/views/books/index.html.erb:28
app/views/books/index.html.erb:19
Started GET "/" for 127.0.0.1 at 2025-02-05 19:57:56 -0600
Processing by BooksController#index as HTML
  [1m[36mAdmin Load (0.2ms)[0m  [1m[34mSELECT "admins".* FROM "admins" WHERE "admins"."id" = $1 ORDER BY "admins"."id" ASC LIMIT $2[0m  [["id", 1], ["LIMIT", 1]]
  Rendering layout layouts/application.html.erb
  Rendering books/index.html.erb within layouts/application
  [1m[36mBook Load (0.5ms)[0m  [1m[34mSELECT "books".* FROM "books"[0m
  ↳ app/views/books/index.html.erb:19
  Rendered books/index.html.erb within layouts/application (Duration: 22.9ms | Allocations: 5447)
  Rendered layout layouts/application.html.erb (Duration: 23.8ms | Allocations: 5523)
Completed 500 Internal Server Error in 28ms (ActiveRecord: 0.7ms | Allocations: 7064)


  
ActionView::Template::Error (undefined method `delete_book_path' for #<ActionView::Base:0x0000000000edd0>

'.freeze;@output_buffer.safe_append='          '.freeze;@output_buffer.append=( link_to("Delete", delete_book_path(book), :class => 'action delete') );@output_buffer.safe_append='
                                                                                                  ^^^^^^^^^^^^^^^^
Did you mean?  edit_book_path):
    25:         <td class="actions">
    26:           <%= link_to("Show", book_path(book), :class => 'action show') %>
    27:           <%= link_to("Edit", edit_book_path(book), :class => 'action edit') %>
    28:           <%= link_to("Delete", delete_book_path(book), :class => 'action delete') %>
    29:         </td>
    30:       </tr>
    31:     <% end %>
  
app/views/books/index.html.erb:28
app/views/books/index.html.erb:19
Started GET "/" for 127.0.0.1 at 2025-02-05 19:58:18 -0600
  [1m[36mActiveRecord::SchemaMigration Pluck (0.6ms)[0m  [1m[34mSELECT "schema_migrations"."version" FROM "schema_migrations" ORDER BY "schema_migrations"."version" ASC[0m
Processing by BooksController#index as HTML
  [1m[36mAdmin Load (0.8ms)[0m  [1m[34mSELECT "admins".* FROM "admins" WHERE "admins"."id" = $1 ORDER BY "admins"."id" ASC LIMIT $2[0m  [["id", 1], ["LIMIT", 1]]
  Rendering layout layouts/application.html.erb
  Rendering books/index.html.erb within layouts/application
  [1m[36mBook Load (0.7ms)[0m  [1m[34mSELECT "books".* FROM "books"[0m
  ↳ app/views/books/index.html.erb:19
  Rendered books/index.html.erb within layouts/application (Duration: 11.7ms | Allocations: 10439)
  Rendered layout layouts/application.html.erb (Duration: 11.8ms | Allocations: 10540)
Completed 500 Internal Server Error in 32ms (ActiveRecord: 8.4ms | Allocations: 25193)


  
ActionView::Template::Error (undefined method `delete_book_path' for #<ActionView::Base:0x0000000000da98>

'.freeze;@output_buffer.safe_append='          '.freeze;@output_buffer.append=( link_to("Delete", delete_book_path(book), :class => 'action delete') );@output_buffer.safe_append='
                                                                                                  ^^^^^^^^^^^^^^^^
Did you mean?  edit_book_path):
    25:         <td class="actions">
    26:           <%= link_to("Show", book_path(book), :class => 'action show') %>
    27:           <%= link_to("Edit", edit_book_path(book), :class => 'action edit') %>
    28:           <%= link_to("Delete", delete_book_path(book), :class => 'action delete') %>
    29:         </td>
    30:       </tr>
    31:     <% end %>
  
app/views/books/index.html.erb:28
app/views/books/index.html.erb:19
Started GET "/" for 127.0.0.1 at 2025-02-05 19:58:20 -0600
Processing by BooksController#index as HTML
  [1m[36mAdmin Load (0.4ms)[0m  [1m[34mSELECT "admins".* FROM "admins" WHERE "admins"."id" = $1 ORDER BY "admins"."id" ASC LIMIT $2[0m  [["id", 1], ["LIMIT", 1]]
  Rendering layout layouts/application.html.erb
  Rendering books/index.html.erb within layouts/application
  [1m[36mBook Load (0.6ms)[0m  [1m[34mSELECT "books".* FROM "books"[0m
  ↳ app/views/books/index.html.erb:19
  Rendered books/index.html.erb within layouts/application (Duration: 21.2ms | Allocations: 5514)
  Rendered layout layouts/application.html.erb (Duration: 21.4ms | Allocations: 5591)
Completed 500 Internal Server Error in 26ms (ActiveRecord: 1.0ms | Allocations: 7372)


  
ActionView::Template::Error (undefined method `delete_book_path' for #<ActionView::Base:0x0000000000dde0>

'.freeze;@output_buffer.safe_append='          '.freeze;@output_buffer.append=( link_to("Delete", delete_book_path(book), :class => 'action delete') );@output_buffer.safe_append='
                                                                                                  ^^^^^^^^^^^^^^^^
Did you mean?  edit_book_path):
    25:         <td class="actions">
    26:           <%= link_to("Show", book_path(book), :class => 'action show') %>
    27:           <%= link_to("Edit", edit_book_path(book), :class => 'action edit') %>
    28:           <%= link_to("Delete", delete_book_path(book), :class => 'action delete') %>
    29:         </td>
    30:       </tr>
    31:     <% end %>
  
app/views/books/index.html.erb:28
app/views/books/index.html.erb:19
Started GET "/" for 127.0.0.1 at 2025-02-05 19:58:44 -0600
  [1m[36mActiveRecord::SchemaMigration Pluck (0.5ms)[0m  [1m[34mSELECT "schema_migrations"."version" FROM "schema_migrations" ORDER BY "schema_migrations"."version" ASC[0m
Processing by BooksController#index as HTML
  [1m[36mAdmin Load (1.0ms)[0m  [1m[34mSELECT "admins".* FROM "admins" WHERE "admins"."id" = $1 ORDER BY "admins"."id" ASC LIMIT $2[0m  [["id", 1], ["LIMIT", 1]]
  Rendering layout layouts/application.html.erb
  Rendering books/index.html.erb within layouts/application
  [1m[36mBook Load (0.9ms)[0m  [1m[34mSELECT "books".* FROM "books"[0m
  ↳ app/views/books/index.html.erb:19
  Rendered books/index.html.erb within layouts/application (Duration: 13.6ms | Allocations: 10439)
  Rendered layout layouts/application.html.erb (Duration: 13.7ms | Allocations: 10540)
Completed 500 Internal Server Error in 36ms (ActiveRecord: 10.3ms | Allocations: 25192)


  
ActionView::Template::Error (undefined method `delete_book_path' for #<ActionView::Base:0x0000000000da98>

'.freeze;@output_buffer.safe_append='          '.freeze;@output_buffer.append=( link_to("Delete", delete_book_path(book), :class => 'action delete') );@output_buffer.safe_append='
                                                                                                  ^^^^^^^^^^^^^^^^
Did you mean?  edit_book_path):
    25:         <td class="actions">
    26:           <%= link_to("Show", book_path(book), :class => 'action show') %>
    27:           <%= link_to("Edit", edit_book_path(book), :class => 'action edit') %>
    28:           <%= link_to("Delete", delete_book_path(book), :class => 'action delete') %>
    29:         </td>
    30:       </tr>
    31:     <% end %>
  
app/views/books/index.html.erb:28
app/views/books/index.html.erb:19
[dotenv] Set [36mGOOGLE_OAUTH_CLIENT_ID[0m and [36mGOOGLE_OAUTH_CLIENT_SECRET[0m
[dotenv] Loaded [33m.env[0m
Started GET "/" for 127.0.0.1 at 2025-02-06 18:15:06 -0600
  [1m[36mActiveRecord::SchemaMigration Pluck (1.1ms)[0m  [1m[34mSELECT "schema_migrations"."version" FROM "schema_migrations" ORDER BY "schema_migrations"."version" ASC[0m
Processing by BooksController#index as HTML
Completed 401 Unauthorized in 4ms (ActiveRecord: 0.0ms | Allocations: 2465)


Started GET "/admins/sign_in" for 127.0.0.1 at 2025-02-06 18:15:06 -0600
Processing by Admins::SessionsController#new as HTML
  Rendering layout layouts/application.html.erb
  Rendering admins/sessions/new.html.erb within layouts/application
  Rendered admins/sessions/new.html.erb within layouts/application (Duration: 0.8ms | Allocations: 793)
  Rendered layout layouts/application.html.erb (Duration: 25.2ms | Allocations: 30830)
Completed 200 OK in 57ms (Views: 29.2ms | ActiveRecord: 24.2ms | Allocations: 39527)


Started POST "/admins/auth/google_oauth2" for 127.0.0.1 at 2025-02-06 18:15:07 -0600
Started GET "/" for 127.0.0.1 at 2025-02-06 18:15:15 -0600
Processing by BooksController#index as HTML
  [1m[36mAdmin Load (1.8ms)[0m  [1m[34mSELECT "admins".* FROM "admins" WHERE "admins"."id" = $1 ORDER BY "admins"."id" ASC LIMIT $2[0m  [["id", 1], ["LIMIT", 1]]
  Rendering layout layouts/application.html.erb
  Rendering books/index.html.erb within layouts/application
  [1m[36mBook Load (34.3ms)[0m  [1m[34mSELECT "books".* FROM "books"[0m
  ↳ app/views/books/index.html.erb:19
  Rendered books/index.html.erb within layouts/application (Duration: 54.1ms | Allocations: 10133)
  Rendered layout layouts/application.html.erb (Duration: 54.3ms | Allocations: 10224)
Completed 500 Internal Server Error in 92ms (ActiveRecord: 40.3ms | Allocations: 14749)


  
ActionView::Template::Error (undefined method `delete_book_path' for #<ActionView::Base:0x0000000000e128>

'.freeze;@output_buffer.safe_append='          '.freeze;@output_buffer.append=( link_to("Delete", delete_book_path(book), :class => 'action delete') );@output_buffer.safe_append='
                                                                                                  ^^^^^^^^^^^^^^^^
Did you mean?  edit_book_path):
    25:         <td class="actions">
    26:           <%= link_to("Show", book_path(book), :class => 'action show') %>
    27:           <%= link_to("Edit", edit_book_path(book), :class => 'action edit') %>
    28:           <%= link_to("Delete", delete_book_path(book), :class => 'action delete') %>
    29:         </td>
    30:       </tr>
    31:     <% end %>
  
app/views/books/index.html.erb:28
app/views/books/index.html.erb:19
Started GET "/" for 127.0.0.1 at 2025-02-06 18:15:23 -0600
Processing by BooksController#index as HTML
  [1m[36mAdmin Load (0.5ms)[0m  [1m[34mSELECT "admins".* FROM "admins" WHERE "admins"."id" = $1 ORDER BY "admins"."id" ASC LIMIT $2[0m  [["id", 1], ["LIMIT", 1]]
  Rendering layout layouts/application.html.erb
  Rendering books/index.html.erb within layouts/application
  [1m[36mBook Load (0.4ms)[0m  [1m[34mSELECT "books".* FROM "books"[0m
  ↳ app/views/books/index.html.erb:19
  Rendered books/index.html.erb within layouts/application (Duration: 18.6ms | Allocations: 5522)
  Rendered layout layouts/application.html.erb (Duration: 18.9ms | Allocations: 5598)
Completed 500 Internal Server Error in 39ms (ActiveRecord: 0.8ms | Allocations: 7357)


  
ActionView::Template::Error (undefined method `delete_book_path' for #<ActionView::Base:0x0000000000e448>

'.freeze;@output_buffer.safe_append='          '.freeze;@output_buffer.append=( link_to("Delete", delete_book_path(book), :class => 'action delete') );@output_buffer.safe_append='
                                                                                                  ^^^^^^^^^^^^^^^^
Did you mean?  edit_book_path):
    25:         <td class="actions">
    26:           <%= link_to("Show", book_path(book), :class => 'action show') %>
    27:           <%= link_to("Edit", edit_book_path(book), :class => 'action edit') %>
    28:           <%= link_to("Delete", delete_book_path(book), :class => 'action delete') %>
    29:         </td>
    30:       </tr>
    31:     <% end %>
  
app/views/books/index.html.erb:28
app/views/books/index.html.erb:19
[dotenv] Set [36mGOOGLE_OAUTH_CLIENT_ID[0m and [36mGOOGLE_OAUTH_CLIENT_SECRET[0m
[dotenv] Loaded [33m.env[0m
Started GET "/" for 127.0.0.1 at 2025-02-06 18:15:37 -0600
  [1m[36mActiveRecord::SchemaMigration Pluck (1.3ms)[0m  [1m[34mSELECT "schema_migrations"."version" FROM "schema_migrations" ORDER BY "schema_migrations"."version" ASC[0m
Processing by BooksController#index as HTML
  [1m[36mAdmin Load (0.7ms)[0m  [1m[34mSELECT "admins".* FROM "admins" WHERE "admins"."id" = $1 ORDER BY "admins"."id" ASC LIMIT $2[0m  [["id", 1], ["LIMIT", 1]]
  Rendering layout layouts/application.html.erb
  Rendering books/index.html.erb within layouts/application
  [1m[36mBook Load (0.9ms)[0m  [1m[34mSELECT "books".* FROM "books"[0m
  ↳ app/views/books/index.html.erb:19
  Rendered books/index.html.erb within layouts/application (Duration: 14.7ms | Allocations: 10437)
  Rendered layout layouts/application.html.erb (Duration: 14.8ms | Allocations: 10538)
Completed 500 Internal Server Error in 36ms (ActiveRecord: 11.6ms | Allocations: 25142)


  
ActionView::Template::Error (undefined method `delete_book_path' for #<ActionView::Base:0x0000000000dbd8>

'.freeze;@output_buffer.safe_append='          '.freeze;@output_buffer.append=( link_to("Delete", delete_book_path(book), :class => 'action delete') );@output_buffer.safe_append='
                                                                                                  ^^^^^^^^^^^^^^^^
Did you mean?  edit_book_path):
    25:         <td class="actions">
    26:           <%= link_to("Show", book_path(book), :class => 'action show') %>
    27:           <%= link_to("Edit", edit_book_path(book), :class => 'action edit') %>
    28:           <%= link_to("Delete", delete_book_path(book), :class => 'action delete') %>
    29:         </td>
    30:       </tr>
    31:     <% end %>
  
app/views/books/index.html.erb:28
app/views/books/index.html.erb:19
[dotenv] Set [36mGOOGLE_OAUTH_CLIENT_ID[0m and [36mGOOGLE_OAUTH_CLIENT_SECRET[0m
[dotenv] Loaded [33m.env[0m
Started GET "/" for 127.0.0.1 at 2025-02-06 18:15:57 -0600
  [1m[36mActiveRecord::SchemaMigration Pluck (0.4ms)[0m  [1m[34mSELECT "schema_migrations"."version" FROM "schema_migrations" ORDER BY "schema_migrations"."version" ASC[0m
Processing by BooksController#index as HTML
  [1m[36mAdmin Load (0.4ms)[0m  [1m[34mSELECT "admins".* FROM "admins" WHERE "admins"."id" = $1 ORDER BY "admins"."id" ASC LIMIT $2[0m  [["id", 1], ["LIMIT", 1]]
  Rendering layout layouts/application.html.erb
  Rendering books/index.html.erb within layouts/application
  [1m[36mBook Load (0.8ms)[0m  [1m[34mSELECT "books".* FROM "books"[0m
  ↳ app/views/books/index.html.erb:19
  Rendered books/index.html.erb within layouts/application (Duration: 12.9ms | Allocations: 10437)
  Rendered layout layouts/application.html.erb (Duration: 13.0ms | Allocations: 10538)
Completed 500 Internal Server Error in 31ms (ActiveRecord: 6.7ms | Allocations: 25141)


  
ActionView::Template::Error (undefined method `delete_book_path' for #<ActionView::Base:0x0000000000dbd8>

'.freeze;@output_buffer.safe_append='          '.freeze;@output_buffer.append=( link_to("Delete", delete_book_path(book), :class => 'action delete') );@output_buffer.safe_append='
                                                                                                  ^^^^^^^^^^^^^^^^
Did you mean?  edit_book_path):
    25:         <td class="actions">
    26:           <%= link_to("Show", book_path(book), :class => 'action show') %>
    27:           <%= link_to("Edit", edit_book_path(book), :class => 'action edit') %>
    28:           <%= link_to("Delete", delete_book_path(book), :class => 'action delete') %>
    29:         </td>
    30:       </tr>
    31:     <% end %>
  
app/views/books/index.html.erb:28
app/views/books/index.html.erb:19
[dotenv] Set [36mGOOGLE_OAUTH_CLIENT_ID[0m and [36mGOOGLE_OAUTH_CLIENT_SECRET[0m
[dotenv] Loaded [33m.env[0m
Started GET "/" for 127.0.0.1 at 2025-02-06 18:16:49 -0600
  [1m[36mActiveRecord::SchemaMigration Pluck (1.0ms)[0m  [1m[34mSELECT "schema_migrations"."version" FROM "schema_migrations" ORDER BY "schema_migrations"."version" ASC[0m
Processing by BooksController#index as HTML
  [1m[36mAdmin Load (0.7ms)[0m  [1m[34mSELECT "admins".* FROM "admins" WHERE "admins"."id" = $1 ORDER BY "admins"."id" ASC LIMIT $2[0m  [["id", 1], ["LIMIT", 1]]
  Rendering layout layouts/application.html.erb
  Rendering books/index.html.erb within layouts/application
  [1m[36mBook Load (1.0ms)[0m  [1m[34mSELECT "books".* FROM "books"[0m
  ↳ app/views/books/index.html.erb:19
  Rendered books/index.html.erb within layouts/application (Duration: 8.1ms | Allocations: 5388)
  Rendered layout layouts/application.html.erb (Duration: 26.3ms | Allocations: 33671)
Completed 200 OK in 47ms (Views: 23.6ms | ActiveRecord: 11.1ms | Allocations: 48329)


Started GET "/admins/sign_out" for 127.0.0.1 at 2025-02-06 18:16:51 -0600
Processing by Admins::SessionsController#destroy as HTML
  [1m[36mAdmin Load (0.3ms)[0m  [1m[34mSELECT "admins".* FROM "admins" WHERE "admins"."id" = $1 ORDER BY "admins"."id" ASC LIMIT $2[0m  [["id", 1], ["LIMIT", 1]]
Redirected to http://127.0.0.1:3000/admins/sign_in
Completed 303 See Other in 6ms (ActiveRecord: 0.3ms | Allocations: 2268)


Started GET "/admins/sign_in" for 127.0.0.1 at 2025-02-06 18:16:51 -0600
Processing by Admins::SessionsController#new as HTML
  Rendering layout layouts/application.html.erb
  Rendering admins/sessions/new.html.erb within layouts/application
  Rendered admins/sessions/new.html.erb within layouts/application (Duration: 2.6ms | Allocations: 521)
  Rendered layout layouts/application.html.erb (Duration: 16.8ms | Allocations: 4740)
Completed 200 OK in 29ms (Views: 23.6ms | ActiveRecord: 0.0ms | Allocations: 6363)


Started POST "/admins/auth/google_oauth2" for 127.0.0.1 at 2025-02-06 18:16:53 -0600
Started GET "/admins/auth/google_oauth2/callback?state=8308c1bf93eb36c5b572c9276c78c04f63ce0b3bf47967ee&code=4%2F0ASVgi3L0ftgzw2deDLSzDcOq7NVI_j1-jjxVt6VAhuZanBMa9ZNBA7CNbwC4bLBvixZK7Q&scope=email+profile+https%3A%2F%2Fwww.googleapis.com%2Fauth%2Fuserinfo.email+https%3A%2F%2Fwww.googleapis.com%2Fauth%2Fuserinfo.profile+openid&authuser=0&prompt=none" for 127.0.0.1 at 2025-02-06 18:16:55 -0600
Processing by Admins::OmniauthCallbacksController#google_oauth2 as HTML
  Parameters: {"state"=>"8308c1bf93eb36c5b572c9276c78c04f63ce0b3bf47967ee", "code"=>"4/0ASVgi3L0ftgzw2deDLSzDcOq7NVI_j1-jjxVt6VAhuZanBMa9ZNBA7CNbwC4bLBvixZK7Q", "scope"=>"email profile https://www.googleapis.com/auth/userinfo.email https://www.googleapis.com/auth/userinfo.profile openid", "authuser"=>"0", "prompt"=>"none"}
  [1m[36mAdmin Load (1.1ms)[0m  [1m[34mSELECT "admins".* FROM "admins" WHERE "admins"."email" = $1 LIMIT $2[0m  [["email", "sudhanva0001@gmail.com"], ["LIMIT", 1]]
  ↳ app/models/admin.rb:6:in `from_google'
Redirected to http://127.0.0.1:3000/
Completed 302 Found in 17ms (ActiveRecord: 1.1ms | Allocations: 1405)


Started GET "/" for 127.0.0.1 at 2025-02-06 18:16:55 -0600
Processing by BooksController#index as HTML
  [1m[36mAdmin Load (0.7ms)[0m  [1m[34mSELECT "admins".* FROM "admins" WHERE "admins"."id" = $1 ORDER BY "admins"."id" ASC LIMIT $2[0m  [["id", 1], ["LIMIT", 1]]
  Rendering layout layouts/application.html.erb
  Rendering books/index.html.erb within layouts/application
  [1m[36mBook Load (0.3ms)[0m  [1m[34mSELECT "books".* FROM "books"[0m
  ↳ app/views/books/index.html.erb:19
  Rendered books/index.html.erb within layouts/application (Duration: 1.5ms | Allocations: 789)
  Rendered layout layouts/application.html.erb (Duration: 6.7ms | Allocations: 4935)
Completed 200 OK in 11ms (Views: 7.3ms | ActiveRecord: 1.0ms | Allocations: 6620)


Started GET "/books/new" for 127.0.0.1 at 2025-02-06 18:16:56 -0600
Processing by BooksController#new as HTML
  [1m[36mAdmin Load (0.6ms)[0m  [1m[34mSELECT "admins".* FROM "admins" WHERE "admins"."id" = $1 ORDER BY "admins"."id" ASC LIMIT $2[0m  [["id", 1], ["LIMIT", 1]]
  Rendering layout layouts/application.html.erb
  Rendering books/new.html.erb within layouts/application
  Rendered books/_form.html.erb (Duration: 8.8ms | Allocations: 3092)
  Rendered books/new.html.erb within layouts/application (Duration: 11.2ms | Allocations: 3486)
  Rendered layout layouts/application.html.erb (Duration: 16.3ms | Allocations: 7636)
Completed 200 OK in 25ms (Views: 17.1ms | ActiveRecord: 0.6ms | Allocations: 9343)


Started POST "/books" for 127.0.0.1 at 2025-02-06 18:16:58 -0600
Processing by BooksController#create as HTML
  Parameters: {"authenticity_token"=>"[FILTERED]", "book"=>{"title"=>"", "author"=>"", "price"=>"", "published_date"=>""}, "commit"=>"Create Book"}
  [1m[36mAdmin Load (0.3ms)[0m  [1m[34mSELECT "admins".* FROM "admins" WHERE "admins"."id" = $1 ORDER BY "admins"."id" ASC LIMIT $2[0m  [["id", 1], ["LIMIT", 1]]
  Rendering layout layouts/application.html.erb
  Rendering books/new.html.erb within layouts/application
  Rendered books/_form.html.erb (Duration: 5.3ms | Allocations: 4817)
  Rendered books/new.html.erb within layouts/application (Duration: 5.9ms | Allocations: 4938)
  Rendered layout layouts/application.html.erb (Duration: 11.5ms | Allocations: 8962)
Completed 422 Unprocessable Entity in 17ms (Views: 12.1ms | ActiveRecord: 0.3ms | Allocations: 11718)


